[2026-05-25 19:12:29] 连接到服务器 127.0.0.1:2525 成功
[2026-05-25 19:12:36] 登录失败 - 卡号 10001 不存在
[2026-05-25 19:12:42] 卡号 100001 登录成功
[2026-05-25 19:12:45] 卡号 100001 查询余额: 1900.00
[2026-05-25 19:12:59] 卡号 100001 取款 55 元成功
[2026-05-25 19:12:59] 卡号 100001 查询余额: 1845.00
[2026-05-25 19:54:41] 连接到服务器 10.242.1.80:2525 成功
[2026-05-25 19:56:18] 卡号 100001 登录成功
[2026-05-25 19:56:22] 卡号 100001 查询余额: 699.00
[2026-05-25 19:57:04] 卡号 100001 查询余额: 699.00
[2026-05-25 19:57:49] 卡号 100001 取款 100 元成功
[2026-05-25 19:57:49] 卡号 100001 查询余额: 599.00
[2026-05-25 20:07:39] 卡号 100001 退出登录
[2026-05-25 20:07:56] 连接到服务器 10.242.1.18:2525 成功
[2026-05-25 20:08:30] 卡号 100001 登录成功
[2026-05-25 20:08:33] 卡号 100001 查询余额: 900.00
[2026-05-25 20:08:53] 卡号 100001 退出登录
[2026-05-25 20:08:54] 连接到服务器 10.242.1.18:2525 成功
[2026-05-25 20:09:14] 卡号 100001 登录成功
[2026-05-25 20:09:19] 卡号 100001 查询余额: 900.00
[2026-05-25 20:09:43] 卡号 100001 取款 120 元成功
[2026-05-25 20:09:43] 卡号 100001 查询余额: 780.00
[2026-05-25 20:10:06] 卡号 100001 退出登录
[2026-05-27 15:53:29] 连接到服务器 127.0.0.1:2525 成功
[2026-05-27 15:53:43] 卡号 100002 登录成功
[2026-05-27 15:53:45] 卡号 100002 查询余额: 1200.50
[2026-05-27 15:53:48] 卡号 100002 取款 200 元成功
[2026-05-27 15:53:48] 卡号 100002 查询余额: 1000.50
